{
   "namespaces": [
      "namespace-foo",
      "namespace-bar",
      "namespace-baz"
   ]
}
