{
   "namespaces": [
      {
         "labels": {
            "costCenter": "cs-foo",
            "manager": "Tom Ripe",
            "team": "team-foo"
         },
         "name": "namespace-foo",
         "repoLimit": 100,
         "storageLimit": 100000000000
      },
      {
         "labels": {
            "costCenter": "cs-bar",
            "manager": "Frank Rotten",
            "team": "team-bar"
         },
         "name": "namespace-bar",
         "repoLimit": 50,
         "storageLimit": 100000000000
      }
   ]
}
