{
   "labels": {
      "costCenter": "cs-foo",
      "manager": "Tom Ripen",
      "team": "team-foo"
   },
   "name": "namespace-foo",
   "repoLimit": 100,
   "storageLimit": 100000000000
}
